14:33:59 **** Auto Build of configuration Debug for project part_1 ****
make pre-build main-build 
a9-linaro-pre-build-step
' '
'Building file: ../src/lab_3_part_1_student.c'
'Invoking: ARM v7 gcc compiler'
arm-none-eabi-gcc -Wall -O0 -g3 -c -fmessage-length=0 -MT"src/lab_3_part_1_student.o" -mcpu=cortex-a9 -mfpu=vfpv3 -mfloat-abi=hard -I../../part_1_bsp/ps7_cortexa9_0/include -MMD -MP -MF"src/lab_3_part_1_student.d" -MT"src/lab_3_part_1_student.o" -o "src/lab_3_part_1_student.o" "../src/lab_3_part_1_student.c"
In file included from ../src/lab_3_part_1_student.c:64:
../src/initialization.h:50: warning: "configGENERATE_RUN_TIME_STATS" redefined
 #define configGENERATE_RUN_TIME_STATS 1
 
In file included from ../../part_1_bsp/ps7_cortexa9_0/include/FreeRTOS.h:56,
                 from ../src/lab_3_part_1_student.c:49:
../../part_1_bsp/ps7_cortexa9_0/include/FreeRTOSConfig.h:109: note: this is the location of the previous definition
 #define configGENERATE_RUN_TIME_STATS 0
 
../src/lab_3_part_1_student.c: In function 'vSpiMainTask':
../src/lab_3_part_1_student.c:260:5: warning: unused variable 'send_to_FIFO2' [-Wunused-variable]
  u8 send_to_FIFO2;
     ^~~~~~~~~~~~~
In file included from ../../part_1_bsp/ps7_cortexa9_0/include/FreeRTOSConfig.h:33,
                 from ../../part_1_bsp/ps7_cortexa9_0/include/FreeRTOS.h:56,
                 from ../src/lab_3_part_1_student.c:49:
../src/lab_3_part_1_student.c: In function 'vSpiSubTask':
../../part_1_bsp/ps7_cortexa9_0/include/xparameters.h:402:34: warning: passing argument 1 of 'XSpiPs_PolledTransfer' makes pointer from integer without a cast [-Wint-conversion]
 #define XPAR_PS7_SPI_1_DEVICE_ID 1
                                  ^
../../part_1_bsp/ps7_cortexa9_0/include/xparameters.h:417:33: note: in expansion of macro 'XPAR_PS7_SPI_1_DEVICE_ID'
 #define XPAR_XSPIPS_1_DEVICE_ID XPAR_PS7_SPI_1_DEVICE_ID
                                 ^~~~~~~~~~~~~~~~~~~~~~~~
../src/lab_3_part_1_student.c:367:26: note: in expansion of macro 'XPAR_XSPIPS_1_DEVICE_ID'
    XSpiPs_PolledTransfer(XPAR_XSPIPS_1_DEVICE_ID, &temp_store, &temp_store, 1);
                          ^~~~~~~~~~~~~~~~~~~~~~~
In file included from ../src/lab_3_part_1_student.c:59:
../../part_1_bsp/ps7_cortexa9_0/include/xspips.h:668:35: note: expected 'XSpiPs *' {aka 'struct <anonymous> *'} but argument is of type 'int'
 s32 XSpiPs_PolledTransfer(XSpiPs *InstancePtr, u8 *SendBufPtr,
                           ~~~~~~~~^~~~~~~~~~~
In file included from ../../part_1_bsp/ps7_cortexa9_0/include/FreeRTOSConfig.h:33,
                 from ../../part_1_bsp/ps7_cortexa9_0/include/FreeRTOS.h:56,
                 from ../src/lab_3_part_1_student.c:49:
../../part_1_bsp/ps7_cortexa9_0/include/xparameters.h:402:34: warning: passing argument 1 of 'XSpiPs_PolledTransfer' makes pointer from integer without a cast [-Wint-conversion]
 #define XPAR_PS7_SPI_1_DEVICE_ID 1
                                  ^
../../part_1_bsp/ps7_cortexa9_0/include/xparameters.h:417:33: note: in expansion of macro 'XPAR_PS7_SPI_1_DEVICE_ID'
 #define XPAR_XSPIPS_1_DEVICE_ID XPAR_PS7_SPI_1_DEVICE_ID
                                 ^~~~~~~~~~~~~~~~~~~~~~~~
../src/lab_3_part_1_student.c:378:28: note: in expansion of macro 'XPAR_XSPIPS_1_DEVICE_ID'
      XSpiPs_PolledTransfer(XPAR_XSPIPS_1_DEVICE_ID, &buffer[i], &buffer[i], 1);
                            ^~~~~~~~~~~~~~~~~~~~~~~
In file included from ../src/lab_3_part_1_student.c:59:
../../part_1_bsp/ps7_cortexa9_0/include/xspips.h:668:35: note: expected 'XSpiPs *' {aka 'struct <anonymous> *'} but argument is of type 'int'
 s32 XSpiPs_PolledTransfer(XSpiPs *InstancePtr, u8 *SendBufPtr,
                           ~~~~~~~~^~~~~~~~~~~
../src/lab_3_part_1_student.c:378:53: warning: pointer targets in passing argument 2 of 'XSpiPs_PolledTransfer' differ in signedness [-Wpointer-sign]
      XSpiPs_PolledTransfer(XPAR_XSPIPS_1_DEVICE_ID, &buffer[i], &buffer[i], 1);
                                                     ^~~~~~~~~~
In file included from ../src/lab_3_part_1_student.c:59:
../../part_1_bsp/ps7_cortexa9_0/include/xspips.h:668:5: note: expected 'u8 *' {aka 'unsigned char *'} but argument is of type 'char *'
 s32 XSpiPs_PolledTransfer(XSpiPs *InstancePtr, u8 *SendBufPtr,
     ^~~~~~~~~~~~~~~~~~~~~
../src/lab_3_part_1_student.c:378:65: warning: pointer targets in passing argument 3 of 'XSpiPs_PolledTransfer' differ in signedness [-Wpointer-sign]
      XSpiPs_PolledTransfer(XPAR_XSPIPS_1_DEVICE_ID, &buffer[i], &buffer[i], 1);
                                                                 ^~~~~~~~~~
In file included from ../src/lab_3_part_1_student.c:59:
../../part_1_bsp/ps7_cortexa9_0/include/xspips.h:668:5: note: expected 'u8 *' {aka 'unsigned char *'} but argument is of type 'char *'
 s32 XSpiPs_PolledTransfer(XSpiPs *InstancePtr, u8 *SendBufPtr,
     ^~~~~~~~~~~~~~~~~~~~~
'Finished building: ../src/lab_3_part_1_student.c'
' '
'Building target: part_1.elf'
'Invoking: ARM v7 gcc linker'
arm-none-eabi-gcc -mcpu=cortex-a9 -mfpu=vfpv3 -mfloat-abi=hard -Wl,-build-id=none -specs=Xilinx.spec -Wl,-T -Wl,../src/lscript.ld -L../../part_1_bsp/ps7_cortexa9_0/lib -o "part_1.elf"  ./src/initialization.o ./src/lab_3_part_1_student.o   -Wl,--start-group,-lxil,-lfreertos,-lgcc,-lc,--end-group
'Finished building target: part_1.elf'
' '
'Invoking: ARM v7 Print Size'
arm-none-eabi-size part_1.elf  |tee "part_1.elf.size"
   text	   data	    bss	    dec	    hex	filename
  89716	   3416	  89632	 182764	  2c9ec	part_1.elf
'Finished building: part_1.elf.size'
' '

14:34:00 Build Finished (took 876ms)

