15:13:55 **** Auto Build of configuration Debug for project Pmod_screen ****
make pre-build main-build 
a9-linaro-pre-build-step
' '
'Building file: ../src/main.c'
'Invoking: ARM v7 gcc compiler'
arm-none-eabi-gcc -Wall -O0 -g3 -c -fmessage-length=0 -MT"src/main.o" -mcpu=cortex-a9 -mfpu=vfpv3 -mfloat-abi=hard -I../../Pmod_screen_bsp/ps7_cortexa9_0/include -MMD -MP -MF"src/main.d" -MT"src/main.o" -o "src/main.o" "../src/main.c"
'Finished building: ../src/main.c'
' '
'Building target: Pmod_screen.elf'
'Invoking: ARM v7 gcc linker'
arm-none-eabi-gcc -mcpu=cortex-a9 -mfpu=vfpv3 -mfloat-abi=hard -Wl,-build-id=none -specs=Xilinx.spec -Wl,-T -Wl,../src/lscript.ld -L../../Pmod_screen_bsp/ps7_cortexa9_0/lib -o "Pmod_screen.elf"  ./src/main.o   -Wl,--start-group,-lxil,-lgcc,-lc,--end-group
'Finished building target: Pmod_screen.elf'
' '
'Invoking: ARM v7 Print Size'
arm-none-eabi-size Pmod_screen.elf  |tee "Pmod_screen.elf.size"
   text	   data	    bss	    dec	    hex	filename
  41252	   1576	  24200	  67028	  105d4	Pmod_screen.elf
'Finished building: Pmod_screen.elf.size'
' '

15:13:56 Build Finished (took 1s.33ms)

